[0m17:24:02.699228 [debug] [MainThread]: Sending event: {'category': 'dbt', 'action': 'invocation', 'label': 'start', 'context': [<snowplow_tracker.self_describing_json.SelfDescribingJson object at 0x000002B08E976350>, <snowplow_tracker.self_describing_json.SelfDescribingJson object at 0x000002B08EAC1710>, <snowplow_tracker.self_describing_json.SelfDescribingJson object at 0x000002B08EAC0690>]}


============================== 17:24:02.699228 | 41cbaf0d-a63f-4f2a-ad6d-efa51615a083 ==============================
[0m17:24:02.699228 [info ] [MainThread]: Running with dbt=1.12.0
[0m17:24:02.709821 [debug] [MainThread]: running dbt with arguments {'static_parser': 'True', 'no_print': 'None', 'version_check': 'True', 'warn_error_options': 'WarnErrorOptionsV2(error=[], warn=[], silence=[])', 'target_path': 'None', 'maximum_seed_size_mib': '1', 'printer_width': '80', 'write_json': 'True', 'empty': 'None', 'log_cache_events': 'False', 'introspect': 'True', 'cache_selected_only': 'False', 'log_format': 'default', 'debug': 'False', 'fail_fast': 'False', 'partial_parse': 'True', 'send_anonymous_usage_stats': 'True', 'quiet': 'False', 'warn_error': 'None', 'profiles_dir': 'D:\\credit-scoring-pipeline\\dbt', 'use_colors': 'True', 'hints_enabled': 'True', 'invocation_command': 'dbt debug', 'use_experimental_parser': 'False', 'indirect_selection': 'eager', 'log_path': 'logs'}
[0m17:24:02.739327 [info ] [MainThread]: dbt version: 1.12.0
[0m17:24:02.740832 [info ] [MainThread]: python version: 3.11.9
[0m17:24:02.740832 [info ] [MainThread]: python path: D:\credit-scoring-pipeline\venv\Scripts\python.exe
[0m17:24:02.741878 [info ] [MainThread]: os info: Windows-10-10.0.26200-SP0
[0m17:24:02.742840 [info ] [MainThread]: target not specified in profile 'name', using 'default'
[0m17:24:02.743838 [info ] [MainThread]: target not specified in profile 'version', using 'default'
[0m17:24:02.744838 [error] [MainThread]: [[31mERROR[0m]: Encountered an error:
argument of type 'int' is not iterable
[0m17:24:02.803300 [error] [MainThread]: Traceback (most recent call last):
  File "D:\credit-scoring-pipeline\venv\Lib\site-packages\dbt\cli\requires.py", line 190, in wrapper
    result, success = func(*args, **kwargs)
                      ^^^^^^^^^^^^^^^^^^^^^
  File "D:\credit-scoring-pipeline\venv\Lib\site-packages\dbt\cli\requires.py", line 136, in wrapper
    return func(*args, **kwargs)
           ^^^^^^^^^^^^^^^^^^^^^
  File "D:\credit-scoring-pipeline\venv\Lib\site-packages\dbt\cli\main.py", line 439, in debug
    results = task.run()
              ^^^^^^^^^^
  File "D:\credit-scoring-pipeline\venv\Lib\site-packages\dbt\task\debug.py", line 114, in run
    load_profile_status: SubtaskStatus = self._load_profile()
                                         ^^^^^^^^^^^^^^^^^^^^
  File "D:\credit-scoring-pipeline\venv\Lib\site-packages\dbt\task\debug.py", line 205, in _load_profile
    profile: Profile = Profile.render(
                       ^^^^^^^^^^^^^^^
  File "D:\credit-scoring-pipeline\venv\Lib\site-packages\dbt\config\profile.py", line 404, in render
    return cls.from_raw_profiles(
           ^^^^^^^^^^^^^^^^^^^^^^
  File "D:\credit-scoring-pipeline\venv\Lib\site-packages\dbt\config\profile.py", line 370, in from_raw_profiles
    return cls.from_raw_profile_info(
           ^^^^^^^^^^^^^^^^^^^^^^^^^^
  File "D:\credit-scoring-pipeline\venv\Lib\site-packages\dbt\config\profile.py", line 316, in from_raw_profile_info
    target_name, profile_data = cls.render_profile(
                                ^^^^^^^^^^^^^^^^^^^
  File "D:\credit-scoring-pipeline\venv\Lib\site-packages\dbt\config\profile.py", line 275, in render_profile
    elif "target" in raw_profile:
         ^^^^^^^^^^^^^^^^^^^^^^^
TypeError: argument of type 'int' is not iterable

[0m17:24:02.803300 [debug] [MainThread]: Command `dbt debug` failed at 17:24:02.803300 after 0.24 seconds
[0m17:24:02.803300 [debug] [MainThread]: Sending event: {'category': 'dbt', 'action': 'invocation', 'label': 'end', 'context': [<snowplow_tracker.self_describing_json.SelfDescribingJson object at 0x000002B08EAD7AD0>, <snowplow_tracker.self_describing_json.SelfDescribingJson object at 0x000002B08EAD7C10>, <snowplow_tracker.self_describing_json.SelfDescribingJson object at 0x000002B08EA38750>]}
[0m17:24:02.803300 [debug] [MainThread]: Flushing usage events
[0m17:24:03.735120 [debug] [MainThread]: An error was encountered while trying to flush usage events
[0m17:31:58.381910 [debug] [MainThread]: Sending event: {'category': 'dbt', 'action': 'invocation', 'label': 'start', 'context': [<snowplow_tracker.self_describing_json.SelfDescribingJson object at 0x000001BF6CE4F4D0>, <snowplow_tracker.self_describing_json.SelfDescribingJson object at 0x000001BF6CEA1890>, <snowplow_tracker.self_describing_json.SelfDescribingJson object at 0x000001BF6CEA1F90>]}


============================== 17:31:58.381910 | c615ccb5-a62f-405e-97a7-ebcf1afee25a ==============================
[0m17:31:58.381910 [info ] [MainThread]: Running with dbt=1.12.0
[0m17:31:58.381910 [debug] [MainThread]: running dbt with arguments {'version_check': 'True', 'no_print': 'None', 'static_parser': 'True', 'warn_error_options': 'WarnErrorOptionsV2(error=[], warn=[], silence=[])', 'target_path': 'None', 'maximum_seed_size_mib': '1', 'printer_width': '80', 'write_json': 'True', 'empty': 'None', 'log_cache_events': 'False', 'introspect': 'True', 'cache_selected_only': 'False', 'fail_fast': 'False', 'debug': 'False', 'log_format': 'default', 'partial_parse': 'True', 'send_anonymous_usage_stats': 'True', 'quiet': 'False', 'warn_error': 'None', 'profiles_dir': 'D:\\credit-scoring-pipeline\\dbt', 'use_colors': 'True', 'hints_enabled': 'True', 'indirect_selection': 'eager', 'use_experimental_parser': 'False', 'invocation_command': 'dbt debug', 'log_path': 'logs'}
[0m17:31:58.413671 [info ] [MainThread]: dbt version: 1.12.0
[0m17:31:58.416340 [info ] [MainThread]: python version: 3.11.9
[0m17:31:58.416340 [info ] [MainThread]: python path: D:\credit-scoring-pipeline\venv\Scripts\python.exe
[0m17:31:58.418362 [info ] [MainThread]: os info: Windows-10-10.0.26200-SP0
[0m17:31:58.420379 [info ] [MainThread]: target not specified in profile 'name', using 'default'
[0m17:31:58.421336 [info ] [MainThread]: target not specified in profile 'version', using 'default'
[0m17:31:58.423490 [error] [MainThread]: [[31mERROR[0m]: Encountered an error:
argument of type 'int' is not iterable
[0m17:31:58.426498 [error] [MainThread]: Traceback (most recent call last):
  File "D:\credit-scoring-pipeline\venv\Lib\site-packages\dbt\cli\requires.py", line 190, in wrapper
    result, success = func(*args, **kwargs)
                      ^^^^^^^^^^^^^^^^^^^^^
  File "D:\credit-scoring-pipeline\venv\Lib\site-packages\dbt\cli\requires.py", line 136, in wrapper
    return func(*args, **kwargs)
           ^^^^^^^^^^^^^^^^^^^^^
  File "D:\credit-scoring-pipeline\venv\Lib\site-packages\dbt\cli\main.py", line 439, in debug
    results = task.run()
              ^^^^^^^^^^
  File "D:\credit-scoring-pipeline\venv\Lib\site-packages\dbt\task\debug.py", line 114, in run
    load_profile_status: SubtaskStatus = self._load_profile()
                                         ^^^^^^^^^^^^^^^^^^^^
  File "D:\credit-scoring-pipeline\venv\Lib\site-packages\dbt\task\debug.py", line 205, in _load_profile
    profile: Profile = Profile.render(
                       ^^^^^^^^^^^^^^^
  File "D:\credit-scoring-pipeline\venv\Lib\site-packages\dbt\config\profile.py", line 404, in render
    return cls.from_raw_profiles(
           ^^^^^^^^^^^^^^^^^^^^^^
  File "D:\credit-scoring-pipeline\venv\Lib\site-packages\dbt\config\profile.py", line 370, in from_raw_profiles
    return cls.from_raw_profile_info(
           ^^^^^^^^^^^^^^^^^^^^^^^^^^
  File "D:\credit-scoring-pipeline\venv\Lib\site-packages\dbt\config\profile.py", line 316, in from_raw_profile_info
    target_name, profile_data = cls.render_profile(
                                ^^^^^^^^^^^^^^^^^^^
  File "D:\credit-scoring-pipeline\venv\Lib\site-packages\dbt\config\profile.py", line 275, in render_profile
    elif "target" in raw_profile:
         ^^^^^^^^^^^^^^^^^^^^^^^
TypeError: argument of type 'int' is not iterable

[0m17:31:58.427498 [debug] [MainThread]: Command `dbt debug` failed at 17:31:58.427498 after 0.21 seconds
[0m17:31:58.427498 [debug] [MainThread]: Sending event: {'category': 'dbt', 'action': 'invocation', 'label': 'end', 'context': [<snowplow_tracker.self_describing_json.SelfDescribingJson object at 0x000001BF6CE22BD0>, <snowplow_tracker.self_describing_json.SelfDescribingJson object at 0x000001BF6CD3BBD0>, <snowplow_tracker.self_describing_json.SelfDescribingJson object at 0x000001BF6CE18650>]}
[0m17:31:58.430929 [debug] [MainThread]: Flushing usage events
[0m17:31:59.350164 [debug] [MainThread]: An error was encountered while trying to flush usage events
[0m17:33:03.144911 [debug] [MainThread]: Sending event: {'category': 'dbt', 'action': 'invocation', 'label': 'start', 'context': [<snowplow_tracker.self_describing_json.SelfDescribingJson object at 0x0000022DB84214D0>, <snowplow_tracker.self_describing_json.SelfDescribingJson object at 0x0000022DB8422F10>, <snowplow_tracker.self_describing_json.SelfDescribingJson object at 0x0000022DB8422890>]}


============================== 17:33:03.147695 | c017e66e-2662-4521-9743-582ffb031082 ==============================
[0m17:33:03.147695 [info ] [MainThread]: Running with dbt=1.12.0
[0m17:33:03.147695 [debug] [MainThread]: running dbt with arguments {'maximum_seed_size_mib': '1', 'no_print': 'None', 'static_parser': 'True', 'target_path': 'None', 'warn_error_options': 'WarnErrorOptionsV2(error=[], warn=[], silence=[])', 'version_check': 'True', 'printer_width': '80', 'write_json': 'True', 'introspect': 'True', 'log_cache_events': 'False', 'empty': 'None', 'cache_selected_only': 'False', 'log_format': 'default', 'debug': 'False', 'fail_fast': 'False', 'profiles_dir': 'D:\\credit-scoring-pipeline\\dbt', 'send_anonymous_usage_stats': 'True', 'quiet': 'False', 'warn_error': 'None', 'partial_parse': 'True', 'use_colors': 'True', 'hints_enabled': 'True', 'invocation_command': 'dbt debug', 'use_experimental_parser': 'False', 'indirect_selection': 'eager', 'log_path': 'logs'}
[0m17:33:03.174290 [info ] [MainThread]: dbt version: 1.12.0
[0m17:33:03.176293 [info ] [MainThread]: python version: 3.11.9
[0m17:33:03.176293 [info ] [MainThread]: python path: D:\credit-scoring-pipeline\venv\Scripts\python.exe
[0m17:33:03.176293 [info ] [MainThread]: os info: Windows-10-10.0.26200-SP0
[0m17:33:03.178796 [info ] [MainThread]: target not specified in profile 'name', using 'default'
[0m17:33:03.178796 [info ] [MainThread]: target not specified in profile 'version', using 'default'
[0m17:33:03.180871 [error] [MainThread]: [[31mERROR[0m]: Encountered an error:
argument of type 'int' is not iterable
[0m17:33:03.183912 [error] [MainThread]: Traceback (most recent call last):
  File "D:\credit-scoring-pipeline\venv\Lib\site-packages\dbt\cli\requires.py", line 190, in wrapper
    result, success = func(*args, **kwargs)
                      ^^^^^^^^^^^^^^^^^^^^^
  File "D:\credit-scoring-pipeline\venv\Lib\site-packages\dbt\cli\requires.py", line 136, in wrapper
    return func(*args, **kwargs)
           ^^^^^^^^^^^^^^^^^^^^^
  File "D:\credit-scoring-pipeline\venv\Lib\site-packages\dbt\cli\main.py", line 439, in debug
    results = task.run()
              ^^^^^^^^^^
  File "D:\credit-scoring-pipeline\venv\Lib\site-packages\dbt\task\debug.py", line 114, in run
    load_profile_status: SubtaskStatus = self._load_profile()
                                         ^^^^^^^^^^^^^^^^^^^^
  File "D:\credit-scoring-pipeline\venv\Lib\site-packages\dbt\task\debug.py", line 205, in _load_profile
    profile: Profile = Profile.render(
                       ^^^^^^^^^^^^^^^
  File "D:\credit-scoring-pipeline\venv\Lib\site-packages\dbt\config\profile.py", line 404, in render
    return cls.from_raw_profiles(
           ^^^^^^^^^^^^^^^^^^^^^^
  File "D:\credit-scoring-pipeline\venv\Lib\site-packages\dbt\config\profile.py", line 370, in from_raw_profiles
    return cls.from_raw_profile_info(
           ^^^^^^^^^^^^^^^^^^^^^^^^^^
  File "D:\credit-scoring-pipeline\venv\Lib\site-packages\dbt\config\profile.py", line 316, in from_raw_profile_info
    target_name, profile_data = cls.render_profile(
                                ^^^^^^^^^^^^^^^^^^^
  File "D:\credit-scoring-pipeline\venv\Lib\site-packages\dbt\config\profile.py", line 275, in render_profile
    elif "target" in raw_profile:
         ^^^^^^^^^^^^^^^^^^^^^^^
TypeError: argument of type 'int' is not iterable

[0m17:33:03.187022 [debug] [MainThread]: Command `dbt debug` failed at 17:33:03.186018 after 0.17 seconds
[0m17:33:03.187022 [debug] [MainThread]: Sending event: {'category': 'dbt', 'action': 'invocation', 'label': 'end', 'context': [<snowplow_tracker.self_describing_json.SelfDescribingJson object at 0x0000022DB83A2C50>, <snowplow_tracker.self_describing_json.SelfDescribingJson object at 0x0000022DB82BBBD0>, <snowplow_tracker.self_describing_json.SelfDescribingJson object at 0x0000022DB8398890>]}
[0m17:33:03.187799 [debug] [MainThread]: Flushing usage events
[0m17:33:04.014995 [debug] [MainThread]: An error was encountered while trying to flush usage events
[0m17:40:03.396387 [debug] [MainThread]: Sending event: {'category': 'dbt', 'action': 'invocation', 'label': 'start', 'context': [<snowplow_tracker.self_describing_json.SelfDescribingJson object at 0x00000284A3E5B950>, <snowplow_tracker.self_describing_json.SelfDescribingJson object at 0x00000284A3E71DD0>, <snowplow_tracker.self_describing_json.SelfDescribingJson object at 0x00000284A3F40A10>]}


============================== 17:40:03.406683 | be4df876-e56e-4457-893b-301ab4de46ba ==============================
[0m17:40:03.406683 [info ] [MainThread]: Running with dbt=1.12.0
[0m17:40:03.406683 [debug] [MainThread]: running dbt with arguments {'maximum_seed_size_mib': '1', 'no_print': 'None', 'version_check': 'True', 'warn_error_options': 'WarnErrorOptionsV2(error=[], warn=[], silence=[])', 'target_path': 'None', 'static_parser': 'True', 'printer_width': '80', 'write_json': 'True', 'empty': 'None', 'log_cache_events': 'False', 'introspect': 'True', 'cache_selected_only': 'False', 'log_format': 'default', 'debug': 'False', 'fail_fast': 'False', 'profiles_dir': 'C:\\Users\\Lenovo\\.dbt', 'send_anonymous_usage_stats': 'True', 'quiet': 'False', 'warn_error': 'None', 'partial_parse': 'True', 'invocation_command': 'dbt debug', 'hints_enabled': 'True', 'indirect_selection': 'eager', 'use_experimental_parser': 'False', 'use_colors': 'True', 'log_path': 'D:\\credit-scoring-pipeline\\dbt\\logs'}
[0m17:40:03.438211 [info ] [MainThread]: dbt version: 1.12.0
[0m17:40:03.438211 [info ] [MainThread]: python version: 3.11.9
[0m17:40:03.438211 [info ] [MainThread]: python path: D:\credit-scoring-pipeline\venv\Scripts\python.exe
[0m17:40:03.441587 [info ] [MainThread]: os info: Windows-10-10.0.26200-SP0
[0m17:40:03.524572 [info ] [MainThread]: Using profiles dir at C:\Users\Lenovo\.dbt
[0m17:40:03.525641 [info ] [MainThread]: Using profiles.yml file at C:\Users\Lenovo\.dbt\profiles.yml
[0m17:40:03.526640 [info ] [MainThread]: Using dbt_project.yml file at D:\credit-scoring-pipeline\dbt\dbt_project.yml
[0m17:40:03.527646 [info ] [MainThread]: adapter type: postgres
[0m17:40:03.528647 [info ] [MainThread]: adapter version: 1.11.0
[0m17:40:03.696483 [info ] [MainThread]: Configuration:
[0m17:40:03.696483 [info ] [MainThread]:   profiles.yml file [[32mOK found and valid[0m]
[0m17:40:03.696483 [info ] [MainThread]:   dbt_project.yml file [[32mOK found and valid[0m]
[0m17:40:03.696483 [info ] [MainThread]: Required dependencies:
[0m17:40:03.703892 [debug] [MainThread]: Executing "git --help"
[0m17:40:03.728253 [debug] [MainThread]: STDOUT: "b"usage: git [-v | --version] [-h | --help] [-C <path>] [-c <name>=<value>]\n           [--exec-path[=<path>]] [--html-path] [--man-path] [--info-path]\n           [-p | --paginate | -P | --no-pager] [--no-replace-objects] [--no-lazy-fetch]\n           [--no-optional-locks] [--no-advice] [--bare] [--git-dir=<path>]\n           [--work-tree=<path>] [--namespace=<name>] [--config-env=<name>=<envvar>]\n           <command> [<args>]\n\nThese are common Git commands used in various situations:\n\nstart a working area (see also: git help tutorial)\n   clone      Clone a repository into a new directory\n   init       Create an empty Git repository or reinitialize an existing one\n\nwork on the current change (see also: git help everyday)\n   add        Add file contents to the index\n   mv         Move or rename a file, a directory, or a symlink\n   restore    Restore working tree files\n   rm         Remove files from the working tree and from the index\n\nexamine the history and state (see also: git help revisions)\n   bisect     Use binary search to find the commit that introduced a bug\n   diff       Show changes between commits, commit and working tree, etc\n   grep       Print lines matching a pattern\n   log        Show commit logs\n   show       Show various types of objects\n   status     Show the working tree status\n\ngrow, mark and tweak your common history\n   backfill   Download missing objects in a partial clone\n   branch     List, create, or delete branches\n   commit     Record changes to the repository\n   merge      Join two or more development histories together\n   rebase     Reapply commits on top of another base tip\n   reset      Reset current HEAD to the specified state\n   switch     Switch branches\n   tag        Create, list, delete or verify a tag object signed with GPG\n\ncollaborate (see also: git help workflows)\n   fetch      Download objects and refs from another repository\n   pull       Fetch from and integrate with another repository or a local branch\n   push       Update remote refs along with associated objects\n\n'git help -a' and 'git help -g' list available subcommands and some\nconcept guides. See 'git help <command>' or 'git help <concept>'\nto read about a specific subcommand or concept.\nSee 'git help git' for an overview of the system.\n""
[0m17:40:03.737199 [debug] [MainThread]: STDERR: "b''"
[0m17:40:03.737199 [info ] [MainThread]:  - git [[32mOK found[0m]

[0m17:40:03.739287 [info ] [MainThread]: Connection:
[0m17:40:03.739287 [info ] [MainThread]:   host: localhost
[0m17:40:03.739287 [info ] [MainThread]:   port: 5432
[0m17:40:03.741439 [info ] [MainThread]:   user: postgres
[0m17:40:03.741439 [info ] [MainThread]:   database: credit_risk
[0m17:40:03.741439 [info ] [MainThread]:   schema: public
[0m17:40:03.741439 [info ] [MainThread]:   connect_timeout: 10
[0m17:40:03.741439 [info ] [MainThread]:   role: None
[0m17:40:03.741439 [info ] [MainThread]:   search_path: None
[0m17:40:03.747423 [info ] [MainThread]:   keepalives_idle: 0
[0m17:40:03.748434 [info ] [MainThread]:   sslmode: None
[0m17:40:03.749432 [info ] [MainThread]:   sslcert: None
[0m17:40:03.749432 [info ] [MainThread]:   sslkey: None
[0m17:40:03.750781 [info ] [MainThread]:   sslrootcert: None
[0m17:40:03.750781 [info ] [MainThread]:   application_name: dbt
[0m17:40:03.750781 [info ] [MainThread]:   autocommit: False
[0m17:40:03.750781 [info ] [MainThread]:   retries: 1
[0m17:40:03.750781 [info ] [MainThread]: Registered adapter: postgres=1.11.0
[0m17:40:04.205816 [debug] [MainThread]: Acquiring new postgres connection 'debug'
[0m17:40:09.355848 [debug] [MainThread]: Using postgres connection "debug"
[0m17:40:09.357028 [debug] [MainThread]: On debug: select 1 as id
[0m17:40:09.357028 [debug] [MainThread]: Opening a new connection, currently in state init
[0m17:40:09.414417 [debug] [MainThread]: SQL status: SELECT 1 in 0.058 seconds
[0m17:40:09.416422 [debug] [MainThread]: On debug: Close
[0m17:40:09.416422 [info ] [MainThread]:   Connection test: [[32mOK connection ok[0m]

[0m17:40:09.418516 [info ] [MainThread]: [32mAll checks passed![0m
[0m17:40:09.419526 [debug] [MainThread]: Command `dbt debug` succeeded at 17:40:09.419526 after 6.19 seconds
[0m17:40:09.419526 [debug] [MainThread]: Connection 'debug' was properly closed.
[0m17:40:09.419526 [debug] [MainThread]: Sending event: {'category': 'dbt', 'action': 'invocation', 'label': 'end', 'context': [<snowplow_tracker.self_describing_json.SelfDescribingJson object at 0x00000284A3E8A6D0>, <snowplow_tracker.self_describing_json.SelfDescribingJson object at 0x00000284A3F218D0>, <snowplow_tracker.self_describing_json.SelfDescribingJson object at 0x00000284A420A990>]}
[0m17:40:09.419526 [debug] [MainThread]: Flushing usage events
[0m17:40:10.260053 [debug] [MainThread]: An error was encountered while trying to flush usage events
[0m17:40:40.038157 [debug] [MainThread]: Sending event: {'category': 'dbt', 'action': 'invocation', 'label': 'start', 'context': [<snowplow_tracker.self_describing_json.SelfDescribingJson object at 0x000001DAD39A2B10>, <snowplow_tracker.self_describing_json.SelfDescribingJson object at 0x000001DAD38EA8D0>, <snowplow_tracker.self_describing_json.SelfDescribingJson object at 0x000001DAD3A5D710>]}


============================== 17:40:40.043266 | 659924e1-691a-471a-a010-64e6fd971f2d ==============================
[0m17:40:40.043266 [info ] [MainThread]: Running with dbt=1.12.0
[0m17:40:40.044244 [debug] [MainThread]: running dbt with arguments {'static_parser': 'True', 'no_print': 'None', 'maximum_seed_size_mib': '1', 'warn_error_options': 'WarnErrorOptionsV2(error=[], warn=[], silence=[])', 'target_path': 'None', 'version_check': 'True', 'printer_width': '80', 'write_json': 'True', 'introspect': 'True', 'log_cache_events': 'False', 'empty': 'False', 'cache_selected_only': 'False', 'log_format': 'default', 'debug': 'False', 'fail_fast': 'False', 'partial_parse': 'True', 'send_anonymous_usage_stats': 'True', 'quiet': 'False', 'warn_error': 'None', 'profiles_dir': 'C:\\Users\\Lenovo\\.dbt', 'use_colors': 'True', 'hints_enabled': 'True', 'indirect_selection': 'eager', 'use_experimental_parser': 'False', 'invocation_command': 'dbt run', 'log_path': 'D:\\credit-scoring-pipeline\\dbt\\logs'}
[0m17:40:40.427566 [debug] [MainThread]: Sending event: {'category': 'dbt', 'action': 'project_id', 'label': '659924e1-691a-471a-a010-64e6fd971f2d', 'context': [<snowplow_tracker.self_describing_json.SelfDescribingJson object at 0x000001DAD16CC250>]}
[0m17:40:40.528626 [debug] [MainThread]: Sending event: {'category': 'dbt', 'action': 'adapter_info', 'label': '659924e1-691a-471a-a010-64e6fd971f2d', 'context': [<snowplow_tracker.self_describing_json.SelfDescribingJson object at 0x000001DACEEC8450>]}
[0m17:40:40.532745 [info ] [MainThread]: Registered adapter: postgres=1.11.0
[0m17:40:40.919188 [debug] [MainThread]: checksum: 5af598c587ee5e09c2e8c9b89806285807d21207f76dfecef796b95fc36cb60f, vars: {}, profile: credit_risk, target: dev, version: 1.12.0
[0m17:40:40.921188 [info ] [MainThread]: Unable to do partial parsing because saved manifest not found. Starting full parse.
[0m17:40:40.921188 [debug] [MainThread]: Sending event: {'category': 'dbt', 'action': 'partial_parser', 'label': '659924e1-691a-471a-a010-64e6fd971f2d', 'context': [<snowplow_tracker.self_describing_json.SelfDescribingJson object at 0x000001DAD3CBBB50>]}
[0m17:40:44.738006 [error] [MainThread]: [[31mERROR[0m]: Encountered an error:
Compilation Error
  Model 'model.credit_risk.silver_installments_payments' (models\silver\silver_installments_payments.sql) depends on a source named 'bronze.installments_payments' which was not found
[0m17:40:44.740017 [debug] [MainThread]: Command `dbt run` failed at 17:40:44.740017 after 4.84 seconds
[0m17:40:44.742073 [debug] [MainThread]: Sending event: {'category': 'dbt', 'action': 'invocation', 'label': 'end', 'context': [<snowplow_tracker.self_describing_json.SelfDescribingJson object at 0x000001DAD40BF250>, <snowplow_tracker.self_describing_json.SelfDescribingJson object at 0x000001DAD39A3F10>, <snowplow_tracker.self_describing_json.SelfDescribingJson object at 0x000001DAD39A3D50>]}
[0m17:40:44.742073 [debug] [MainThread]: Flushing usage events
[0m17:40:45.664297 [debug] [MainThread]: An error was encountered while trying to flush usage events
