[0m17:38:10.525968 [debug] [MainThread]: Sending event: {'category': 'dbt', 'action': 'invocation', 'label': 'start', 'context': [<snowplow_tracker.self_describing_json.SelfDescribingJson object at 0x00000174601B7A90>, <snowplow_tracker.self_describing_json.SelfDescribingJson object at 0x00000174601EBD90>, <snowplow_tracker.self_describing_json.SelfDescribingJson object at 0x00000174601799D0>]}


============================== 17:38:10.533122 | 91fe1838-9ed4-4105-917b-ddbb3e4f6dc9 ==============================
[0m17:38:10.533122 [info ] [MainThread]: Running with dbt=1.12.0
[0m17:38:10.533122 [debug] [MainThread]: running dbt with arguments {'maximum_seed_size_mib': '1', 'no_print': 'None', 'static_parser': 'True', 'target_path': 'None', 'warn_error_options': 'WarnErrorOptionsV2(error=[], warn=[], silence=[])', 'version_check': 'True', 'printer_width': '80', 'write_json': 'True', 'empty': 'None', 'log_cache_events': 'False', 'introspect': 'True', 'cache_selected_only': 'False', 'fail_fast': 'False', 'debug': 'False', 'log_format': 'default', 'partial_parse': 'True', 'send_anonymous_usage_stats': 'True', 'quiet': 'False', 'warn_error': 'None', 'profiles_dir': 'C:\\Users\\Lenovo\\.dbt', 'invocation_command': 'dbt debug', 'hints_enabled': 'True', 'use_colors': 'True', 'use_experimental_parser': 'False', 'indirect_selection': 'eager', 'log_path': 'logs'}
[0m17:38:10.568522 [info ] [MainThread]: dbt version: 1.12.0
[0m17:38:10.574843 [info ] [MainThread]: python version: 3.11.9
[0m17:38:10.574843 [info ] [MainThread]: python path: D:\credit-scoring-pipeline\venv\Scripts\python.exe
[0m17:38:10.574843 [info ] [MainThread]: os info: Windows-10-10.0.26200-SP0
[0m17:38:10.582149 [info ] [MainThread]: Error importing adapter: No module named 'dbt.adapters.synapse'
[0m17:38:10.881445 [info ] [MainThread]: Using profiles dir at C:\Users\Lenovo\.dbt
[0m17:38:10.881445 [info ] [MainThread]: Using profiles.yml file at C:\Users\Lenovo\.dbt\profiles.yml
[0m17:38:10.881445 [info ] [MainThread]: Using dbt_project.yml file at D:\credit-scoring-pipeline\dbt_project.yml
[0m17:38:10.881445 [info ] [MainThread]: Configuration:
[0m17:38:10.881445 [info ] [MainThread]:   profiles.yml file [[31mERROR invalid[0m]
[0m17:38:10.881445 [info ] [MainThread]:   dbt_project.yml file [[31mERROR not found[0m]
[0m17:38:10.881445 [info ] [MainThread]: Required dependencies:
[0m17:38:10.881445 [debug] [MainThread]: Executing "git --help"
[0m17:38:10.919256 [debug] [MainThread]: STDOUT: "b"usage: git [-v | --version] [-h | --help] [-C <path>] [-c <name>=<value>]\n           [--exec-path[=<path>]] [--html-path] [--man-path] [--info-path]\n           [-p | --paginate | -P | --no-pager] [--no-replace-objects] [--no-lazy-fetch]\n           [--no-optional-locks] [--no-advice] [--bare] [--git-dir=<path>]\n           [--work-tree=<path>] [--namespace=<name>] [--config-env=<name>=<envvar>]\n           <command> [<args>]\n\nThese are common Git commands used in various situations:\n\nstart a working area (see also: git help tutorial)\n   clone      Clone a repository into a new directory\n   init       Create an empty Git repository or reinitialize an existing one\n\nwork on the current change (see also: git help everyday)\n   add        Add file contents to the index\n   mv         Move or rename a file, a directory, or a symlink\n   restore    Restore working tree files\n   rm         Remove files from the working tree and from the index\n\nexamine the history and state (see also: git help revisions)\n   bisect     Use binary search to find the commit that introduced a bug\n   diff       Show changes between commits, commit and working tree, etc\n   grep       Print lines matching a pattern\n   log        Show commit logs\n   show       Show various types of objects\n   status     Show the working tree status\n\ngrow, mark and tweak your common history\n   backfill   Download missing objects in a partial clone\n   branch     List, create, or delete branches\n   commit     Record changes to the repository\n   merge      Join two or more development histories together\n   rebase     Reapply commits on top of another base tip\n   reset      Reset current HEAD to the specified state\n   switch     Switch branches\n   tag        Create, list, delete or verify a tag object signed with GPG\n\ncollaborate (see also: git help workflows)\n   fetch      Download objects and refs from another repository\n   pull       Fetch from and integrate with another repository or a local branch\n   push       Update remote refs along with associated objects\n\n'git help -a' and 'git help -g' list available subcommands and some\nconcept guides. See 'git help <command>' or 'git help <concept>'\nto read about a specific subcommand or concept.\nSee 'git help git' for an overview of the system.\n""
[0m17:38:10.920394 [debug] [MainThread]: STDERR: "b''"
[0m17:38:10.920394 [info ] [MainThread]:  - git [[32mOK found[0m]

[0m17:38:10.920394 [info ] [MainThread]: Connection test skipped since no profile was found
[0m17:38:10.920394 [info ] [MainThread]: [31m2 checks failed:[0m
[0m17:38:10.923762 [info ] [MainThread]: Could not load dbt_project.yml
Profile loading failed for the following reason:
Runtime Error
  Credentials in profile "risk_pipeline", target "dev" invalid: Runtime Error
    Could not find adapter type synapse!


[0m17:38:10.924426 [info ] [MainThread]: Project loading failed for the following reason:
 project path <D:\credit-scoring-pipeline\dbt_project.yml> not found

[0m17:38:10.925004 [debug] [MainThread]: Command `dbt debug` failed at 17:38:10.925004 after 0.56 seconds
[0m17:38:10.925004 [debug] [MainThread]: Sending event: {'category': 'dbt', 'action': 'invocation', 'label': 'end', 'context': [<snowplow_tracker.self_describing_json.SelfDescribingJson object at 0x000001745AD94390>, <snowplow_tracker.self_describing_json.SelfDescribingJson object at 0x00000174600B28D0>, <snowplow_tracker.self_describing_json.SelfDescribingJson object at 0x000001745DA06C90>]}
[0m17:38:10.925004 [debug] [MainThread]: Flushing usage events
[0m17:38:11.790602 [debug] [MainThread]: An error was encountered while trying to flush usage events
[0m18:46:24.349476 [debug] [MainThread]: Sending event: {'category': 'dbt', 'action': 'invocation', 'label': 'start', 'context': [<snowplow_tracker.self_describing_json.SelfDescribingJson object at 0x000001FBC6273590>, <snowplow_tracker.self_describing_json.SelfDescribingJson object at 0x000001FBC629FDD0>, <snowplow_tracker.self_describing_json.SelfDescribingJson object at 0x000001FBC62D41D0>]}


============================== 18:46:24.354674 | 357ade70-6b82-4d2e-a54a-c3af6b77b7ad ==============================
[0m18:46:24.354674 [info ] [MainThread]: Running with dbt=1.12.0
[0m18:46:24.354674 [debug] [MainThread]: running dbt with arguments {'static_parser': 'True', 'no_print': 'None', 'version_check': 'True', 'target_path': 'None', 'warn_error_options': 'WarnErrorOptionsV2(error=[], warn=[], silence=[])', 'maximum_seed_size_mib': '1', 'printer_width': '80', 'write_json': 'True', 'introspect': 'True', 'log_cache_events': 'False', 'empty': 'None', 'cache_selected_only': 'False', 'fail_fast': 'False', 'debug': 'False', 'log_format': 'default', 'partial_parse': 'True', 'send_anonymous_usage_stats': 'True', 'quiet': 'False', 'warn_error': 'None', 'profiles_dir': 'C:\\Users\\Lenovo\\.dbt', 'invocation_command': 'dbt debug', 'hints_enabled': 'True', 'use_colors': 'True', 'use_experimental_parser': 'False', 'indirect_selection': 'eager', 'log_path': 'logs'}
[0m18:46:24.387417 [info ] [MainThread]: dbt version: 1.12.0
[0m18:46:24.387417 [info ] [MainThread]: python version: 3.11.9
[0m18:46:24.387417 [info ] [MainThread]: python path: D:\credit-scoring-pipeline\venv\Scripts\python.exe
[0m18:46:24.387417 [info ] [MainThread]: os info: Windows-10-10.0.26200-SP0
[0m18:46:24.401413 [info ] [MainThread]: Error importing adapter: No module named 'dbt.adapters.synapse'
[0m18:46:24.490299 [info ] [MainThread]: Using profiles dir at C:\Users\Lenovo\.dbt
[0m18:46:24.491259 [info ] [MainThread]: Using profiles.yml file at C:\Users\Lenovo\.dbt\profiles.yml
[0m18:46:24.492288 [info ] [MainThread]: Using dbt_project.yml file at D:\credit-scoring-pipeline\dbt_project.yml
[0m18:46:24.493254 [info ] [MainThread]: Configuration:
[0m18:46:24.493254 [info ] [MainThread]:   profiles.yml file [[31mERROR invalid[0m]
[0m18:46:24.494298 [info ] [MainThread]:   dbt_project.yml file [[31mERROR not found[0m]
[0m18:46:24.495258 [info ] [MainThread]: Required dependencies:
[0m18:46:24.496253 [debug] [MainThread]: Executing "git --help"
[0m18:46:24.536961 [debug] [MainThread]: STDOUT: "b"usage: git [-v | --version] [-h | --help] [-C <path>] [-c <name>=<value>]\n           [--exec-path[=<path>]] [--html-path] [--man-path] [--info-path]\n           [-p | --paginate | -P | --no-pager] [--no-replace-objects] [--no-lazy-fetch]\n           [--no-optional-locks] [--no-advice] [--bare] [--git-dir=<path>]\n           [--work-tree=<path>] [--namespace=<name>] [--config-env=<name>=<envvar>]\n           <command> [<args>]\n\nThese are common Git commands used in various situations:\n\nstart a working area (see also: git help tutorial)\n   clone      Clone a repository into a new directory\n   init       Create an empty Git repository or reinitialize an existing one\n\nwork on the current change (see also: git help everyday)\n   add        Add file contents to the index\n   mv         Move or rename a file, a directory, or a symlink\n   restore    Restore working tree files\n   rm         Remove files from the working tree and from the index\n\nexamine the history and state (see also: git help revisions)\n   bisect     Use binary search to find the commit that introduced a bug\n   diff       Show changes between commits, commit and working tree, etc\n   grep       Print lines matching a pattern\n   log        Show commit logs\n   show       Show various types of objects\n   status     Show the working tree status\n\ngrow, mark and tweak your common history\n   backfill   Download missing objects in a partial clone\n   branch     List, create, or delete branches\n   commit     Record changes to the repository\n   merge      Join two or more development histories together\n   rebase     Reapply commits on top of another base tip\n   reset      Reset current HEAD to the specified state\n   switch     Switch branches\n   tag        Create, list, delete or verify a tag object signed with GPG\n\ncollaborate (see also: git help workflows)\n   fetch      Download objects and refs from another repository\n   pull       Fetch from and integrate with another repository or a local branch\n   push       Update remote refs along with associated objects\n\n'git help -a' and 'git help -g' list available subcommands and some\nconcept guides. See 'git help <command>' or 'git help <concept>'\nto read about a specific subcommand or concept.\nSee 'git help git' for an overview of the system.\n""
[0m18:46:24.537963 [debug] [MainThread]: STDERR: "b''"
[0m18:46:24.537963 [info ] [MainThread]:  - git [[32mOK found[0m]

[0m18:46:24.538963 [info ] [MainThread]: Connection test skipped since no profile was found
[0m18:46:24.539963 [info ] [MainThread]: [31m2 checks failed:[0m
[0m18:46:24.539963 [info ] [MainThread]: Could not load dbt_project.yml
Profile loading failed for the following reason:
Runtime Error
  Credentials in profile "risk_pipeline", target "dev" invalid: Runtime Error
    Could not find adapter type synapse!


[0m18:46:24.539963 [info ] [MainThread]: Project loading failed for the following reason:
 project path <D:\credit-scoring-pipeline\dbt_project.yml> not found

[0m18:46:24.541456 [debug] [MainThread]: Command `dbt debug` failed at 18:46:24.541456 after 0.32 seconds
[0m18:46:24.542452 [debug] [MainThread]: Sending event: {'category': 'dbt', 'action': 'invocation', 'label': 'end', 'context': [<snowplow_tracker.self_describing_json.SelfDescribingJson object at 0x000001FBC6272CD0>, <snowplow_tracker.self_describing_json.SelfDescribingJson object at 0x000001FBC4702A90>, <snowplow_tracker.self_describing_json.SelfDescribingJson object at 0x000001FBC6270210>]}
[0m18:46:24.543409 [debug] [MainThread]: Flushing usage events
[0m18:46:25.672621 [debug] [MainThread]: An error was encountered while trying to flush usage events
